[     461ms] [INFO] %cDownload the React DevTools for a better development experience: https://react.dev/link/react-devtools font-weight:bold @ http://localhost:3000/_next/static/chunks/node_modules_next_dist_compiled_react-dom_1e674e59._.js:14537
[   28065ms] [LOG] [Fast Refresh] rebuilding @ http://localhost:3000/_next/static/chunks/node_modules_next_dist_client_cf1d9188._.js:5949
[   28141ms] [LOG] [Fast Refresh] done in 178ms @ http://localhost:3000/_next/static/chunks/node_modules_next_dist_client_cf1d9188._.js:5809
[   74885ms] [WARNING] <link rel=preload> must have a valid `as` value @ https://www.linkedin.com/uas/login?session_redirect=%2Foauth%2Fv2%2Flogin-success%3Fapp_id%3D233100645%26auth_type%3DAC%26flow%3D%257B%2522state%2522%253A%2522eyJub25jZSI6Il9POGotUGJERk9WTTM0SHY3YXgtSmZfMk95TXVVa3JpIiwicGxhdGZvcm0iOiJsaW5rZWRpbl9wZXJzb25hbCIsInByb2ZpbGVJZCI6bnVsbCwibWV0aG9kSWQiOiJsaW5rZWRpbl9wZXJzb25hbF9vYXV0aCIsIm5leHQiOiIvZGFzaGJvYXJkL3dvcmtzcGFjZS1zZXR0aW5ncy9zb2NpYWwtYWNjb3VudHMifQ%2522%252C%2522creationTime%2522%253A1776572977075%252C%2522scope%2522%253A%2522openid%2Bprofile%2Bemail%2Bw_member_social%2522%252C%2522appId%2522%253A233100645%252C%2522authorizationType%2522%253A%2522OAUTH2_AUTHORIZATION_CODE%2522%252C%2522redirectUri%2522%253A%2522http%253A%252F%252Flocalhost%253A3000%252Fapi%252Fauth%252Fcallback%2522%252C%2522currentStage%2522%253A%2522LOGIN_SUCCESS%2522%252C%2522currentSubStage%2522%253A0%252C%2522authFlowName%2522%253A%2522generic-permission-list%2522%257D&fromSignIn=1&trk=oauth&cancel_redirect=%2Foauth%2Fv2%2Flogin-cancel%3Fapp_id%3D233100645%26auth_type%3DAC%26flow%3D%257B%2522state%2522%253A%2522eyJub25jZSI6Il9POGotUGJERk9WTTM0SHY3YXgtSmZfMk95TXVVa3JpIiwicGxhdGZvcm0iOiJsaW5rZWRpbl9wZXJzb25hbCIsInByb2ZpbGVJZCI6bnVsbCwibWV0aG9kSWQiOiJsaW5rZWRpbl9wZXJzb25hbF9vYXV0aCIsIm5leHQiOiIvZGFzaGJvYXJkL3dvcmtzcGFjZS1zZXR0aW5ncy9zb2NpYWwtYWNjb3VudHMifQ%2522%252C%2522creationTime%2522%253A1776572977075%252C%2522scope%2522%253A%2522openid%2Bprofile%2Bemail%2Bw_member_social%2522%252C%2522appId%2522%253A233100645%252C%2522authorizationType%2522%253A%2522OAUTH2_AUTHORIZATION_CODE%2522%252C%2522redirectUri%2522%253A%2522http%253A%252F%252Flocalhost%253A3000%252Fapi%252Fauth%252Fcallback%2522%252C%2522currentStage%2522%253A%2522LOGIN_SUCCESS%2522%252C%2522currentSubStage%2522%253A0%252C%2522authFlowName%2522%253A%2522generic-permission-list%2522%257D:59
[   74885ms] [WARNING] <link rel=preload> must have a valid `as` value @ https://www.linkedin.com/uas/login?session_redirect=%2Foauth%2Fv2%2Flogin-success%3Fapp_id%3D233100645%26auth_type%3DAC%26flow%3D%257B%2522state%2522%253A%2522eyJub25jZSI6Il9POGotUGJERk9WTTM0SHY3YXgtSmZfMk95TXVVa3JpIiwicGxhdGZvcm0iOiJsaW5rZWRpbl9wZXJzb25hbCIsInByb2ZpbGVJZCI6bnVsbCwibWV0aG9kSWQiOiJsaW5rZWRpbl9wZXJzb25hbF9vYXV0aCIsIm5leHQiOiIvZGFzaGJvYXJkL3dvcmtzcGFjZS1zZXR0aW5ncy9zb2NpYWwtYWNjb3VudHMifQ%2522%252C%2522creationTime%2522%253A1776572977075%252C%2522scope%2522%253A%2522openid%2Bprofile%2Bemail%2Bw_member_social%2522%252C%2522appId%2522%253A233100645%252C%2522authorizationType%2522%253A%2522OAUTH2_AUTHORIZATION_CODE%2522%252C%2522redirectUri%2522%253A%2522http%253A%252F%252Flocalhost%253A3000%252Fapi%252Fauth%252Fcallback%2522%252C%2522currentStage%2522%253A%2522LOGIN_SUCCESS%2522%252C%2522currentSubStage%2522%253A0%252C%2522authFlowName%2522%253A%2522generic-permission-list%2522%257D&fromSignIn=1&trk=oauth&cancel_redirect=%2Foauth%2Fv2%2Flogin-cancel%3Fapp_id%3D233100645%26auth_type%3DAC%26flow%3D%257B%2522state%2522%253A%2522eyJub25jZSI6Il9POGotUGJERk9WTTM0SHY3YXgtSmZfMk95TXVVa3JpIiwicGxhdGZvcm0iOiJsaW5rZWRpbl9wZXJzb25hbCIsInByb2ZpbGVJZCI6bnVsbCwibWV0aG9kSWQiOiJsaW5rZWRpbl9wZXJzb25hbF9vYXV0aCIsIm5leHQiOiIvZGFzaGJvYXJkL3dvcmtzcGFjZS1zZXR0aW5ncy9zb2NpYWwtYWNjb3VudHMifQ%2522%252C%2522creationTime%2522%253A1776572977075%252C%2522scope%2522%253A%2522openid%2Bprofile%2Bemail%2Bw_member_social%2522%252C%2522appId%2522%253A233100645%252C%2522authorizationType%2522%253A%2522OAUTH2_AUTHORIZATION_CODE%2522%252C%2522redirectUri%2522%253A%2522http%253A%252F%252Flocalhost%253A3000%252Fapi%252Fauth%252Fcallback%2522%252C%2522currentStage%2522%253A%2522LOGIN_SUCCESS%2522%252C%2522currentSubStage%2522%253A0%252C%2522authFlowName%2522%253A%2522generic-permission-list%2522%257D:60
[   74885ms] [WARNING] <link rel=preload> must have a valid `as` value @ https://www.linkedin.com/uas/login?session_redirect=%2Foauth%2Fv2%2Flogin-success%3Fapp_id%3D233100645%26auth_type%3DAC%26flow%3D%257B%2522state%2522%253A%2522eyJub25jZSI6Il9POGotUGJERk9WTTM0SHY3YXgtSmZfMk95TXVVa3JpIiwicGxhdGZvcm0iOiJsaW5rZWRpbl9wZXJzb25hbCIsInByb2ZpbGVJZCI6bnVsbCwibWV0aG9kSWQiOiJsaW5rZWRpbl9wZXJzb25hbF9vYXV0aCIsIm5leHQiOiIvZGFzaGJvYXJkL3dvcmtzcGFjZS1zZXR0aW5ncy9zb2NpYWwtYWNjb3VudHMifQ%2522%252C%2522creationTime%2522%253A1776572977075%252C%2522scope%2522%253A%2522openid%2Bprofile%2Bemail%2Bw_member_social%2522%252C%2522appId%2522%253A233100645%252C%2522authorizationType%2522%253A%2522OAUTH2_AUTHORIZATION_CODE%2522%252C%2522redirectUri%2522%253A%2522http%253A%252F%252Flocalhost%253A3000%252Fapi%252Fauth%252Fcallback%2522%252C%2522currentStage%2522%253A%2522LOGIN_SUCCESS%2522%252C%2522currentSubStage%2522%253A0%252C%2522authFlowName%2522%253A%2522generic-permission-list%2522%257D&fromSignIn=1&trk=oauth&cancel_redirect=%2Foauth%2Fv2%2Flogin-cancel%3Fapp_id%3D233100645%26auth_type%3DAC%26flow%3D%257B%2522state%2522%253A%2522eyJub25jZSI6Il9POGotUGJERk9WTTM0SHY3YXgtSmZfMk95TXVVa3JpIiwicGxhdGZvcm0iOiJsaW5rZWRpbl9wZXJzb25hbCIsInByb2ZpbGVJZCI6bnVsbCwibWV0aG9kSWQiOiJsaW5rZWRpbl9wZXJzb25hbF9vYXV0aCIsIm5leHQiOiIvZGFzaGJvYXJkL3dvcmtzcGFjZS1zZXR0aW5ncy9zb2NpYWwtYWNjb3VudHMifQ%2522%252C%2522creationTime%2522%253A1776572977075%252C%2522scope%2522%253A%2522openid%2Bprofile%2Bemail%2Bw_member_social%2522%252C%2522appId%2522%253A233100645%252C%2522authorizationType%2522%253A%2522OAUTH2_AUTHORIZATION_CODE%2522%252C%2522redirectUri%2522%253A%2522http%253A%252F%252Flocalhost%253A3000%252Fapi%252Fauth%252Fcallback%2522%252C%2522currentStage%2522%253A%2522LOGIN_SUCCESS%2522%252C%2522currentSubStage%2522%253A0%252C%2522authFlowName%2522%253A%2522generic-permission-list%2522%257D:61
[   74885ms] [WARNING] <link rel=preload> must have a valid `as` value @ https://www.linkedin.com/uas/login?session_redirect=%2Foauth%2Fv2%2Flogin-success%3Fapp_id%3D233100645%26auth_type%3DAC%26flow%3D%257B%2522state%2522%253A%2522eyJub25jZSI6Il9POGotUGJERk9WTTM0SHY3YXgtSmZfMk95TXVVa3JpIiwicGxhdGZvcm0iOiJsaW5rZWRpbl9wZXJzb25hbCIsInByb2ZpbGVJZCI6bnVsbCwibWV0aG9kSWQiOiJsaW5rZWRpbl9wZXJzb25hbF9vYXV0aCIsIm5leHQiOiIvZGFzaGJvYXJkL3dvcmtzcGFjZS1zZXR0aW5ncy9zb2NpYWwtYWNjb3VudHMifQ%2522%252C%2522creationTime%2522%253A1776572977075%252C%2522scope%2522%253A%2522openid%2Bprofile%2Bemail%2Bw_member_social%2522%252C%2522appId%2522%253A233100645%252C%2522authorizationType%2522%253A%2522OAUTH2_AUTHORIZATION_CODE%2522%252C%2522redirectUri%2522%253A%2522http%253A%252F%252Flocalhost%253A3000%252Fapi%252Fauth%252Fcallback%2522%252C%2522currentStage%2522%253A%2522LOGIN_SUCCESS%2522%252C%2522currentSubStage%2522%253A0%252C%2522authFlowName%2522%253A%2522generic-permission-list%2522%257D&fromSignIn=1&trk=oauth&cancel_redirect=%2Foauth%2Fv2%2Flogin-cancel%3Fapp_id%3D233100645%26auth_type%3DAC%26flow%3D%257B%2522state%2522%253A%2522eyJub25jZSI6Il9POGotUGJERk9WTTM0SHY3YXgtSmZfMk95TXVVa3JpIiwicGxhdGZvcm0iOiJsaW5rZWRpbl9wZXJzb25hbCIsInByb2ZpbGVJZCI6bnVsbCwibWV0aG9kSWQiOiJsaW5rZWRpbl9wZXJzb25hbF9vYXV0aCIsIm5leHQiOiIvZGFzaGJvYXJkL3dvcmtzcGFjZS1zZXR0aW5ncy9zb2NpYWwtYWNjb3VudHMifQ%2522%252C%2522creationTime%2522%253A1776572977075%252C%2522scope%2522%253A%2522openid%2Bprofile%2Bemail%2Bw_member_social%2522%252C%2522appId%2522%253A233100645%252C%2522authorizationType%2522%253A%2522OAUTH2_AUTHORIZATION_CODE%2522%252C%2522redirectUri%2522%253A%2522http%253A%252F%252Flocalhost%253A3000%252Fapi%252Fauth%252Fcallback%2522%252C%2522currentStage%2522%253A%2522LOGIN_SUCCESS%2522%252C%2522currentSubStage%2522%253A0%252C%2522authFlowName%2522%253A%2522generic-permission-list%2522%257D:62
[   74885ms] [WARNING] <link rel=preload> must have a valid `as` value @ https://www.linkedin.com/uas/login?session_redirect=%2Foauth%2Fv2%2Flogin-success%3Fapp_id%3D233100645%26auth_type%3DAC%26flow%3D%257B%2522state%2522%253A%2522eyJub25jZSI6Il9POGotUGJERk9WTTM0SHY3YXgtSmZfMk95TXVVa3JpIiwicGxhdGZvcm0iOiJsaW5rZWRpbl9wZXJzb25hbCIsInByb2ZpbGVJZCI6bnVsbCwibWV0aG9kSWQiOiJsaW5rZWRpbl9wZXJzb25hbF9vYXV0aCIsIm5leHQiOiIvZGFzaGJvYXJkL3dvcmtzcGFjZS1zZXR0aW5ncy9zb2NpYWwtYWNjb3VudHMifQ%2522%252C%2522creationTime%2522%253A1776572977075%252C%2522scope%2522%253A%2522openid%2Bprofile%2Bemail%2Bw_member_social%2522%252C%2522appId%2522%253A233100645%252C%2522authorizationType%2522%253A%2522OAUTH2_AUTHORIZATION_CODE%2522%252C%2522redirectUri%2522%253A%2522http%253A%252F%252Flocalhost%253A3000%252Fapi%252Fauth%252Fcallback%2522%252C%2522currentStage%2522%253A%2522LOGIN_SUCCESS%2522%252C%2522currentSubStage%2522%253A0%252C%2522authFlowName%2522%253A%2522generic-permission-list%2522%257D&fromSignIn=1&trk=oauth&cancel_redirect=%2Foauth%2Fv2%2Flogin-cancel%3Fapp_id%3D233100645%26auth_type%3DAC%26flow%3D%257B%2522state%2522%253A%2522eyJub25jZSI6Il9POGotUGJERk9WTTM0SHY3YXgtSmZfMk95TXVVa3JpIiwicGxhdGZvcm0iOiJsaW5rZWRpbl9wZXJzb25hbCIsInByb2ZpbGVJZCI6bnVsbCwibWV0aG9kSWQiOiJsaW5rZWRpbl9wZXJzb25hbF9vYXV0aCIsIm5leHQiOiIvZGFzaGJvYXJkL3dvcmtzcGFjZS1zZXR0aW5ncy9zb2NpYWwtYWNjb3VudHMifQ%2522%252C%2522creationTime%2522%253A1776572977075%252C%2522scope%2522%253A%2522openid%2Bprofile%2Bemail%2Bw_member_social%2522%252C%2522appId%2522%253A233100645%252C%2522authorizationType%2522%253A%2522OAUTH2_AUTHORIZATION_CODE%2522%252C%2522redirectUri%2522%253A%2522http%253A%252F%252Flocalhost%253A3000%252Fapi%252Fauth%252Fcallback%2522%252C%2522currentStage%2522%253A%2522LOGIN_SUCCESS%2522%252C%2522currentSubStage%2522%253A0%252C%2522authFlowName%2522%253A%2522generic-permission-list%2522%257D:65
[   74886ms] [WARNING] <link rel=preload> must have a valid `as` value @ https://www.linkedin.com/uas/login?session_redirect=%2Foauth%2Fv2%2Flogin-success%3Fapp_id%3D233100645%26auth_type%3DAC%26flow%3D%257B%2522state%2522%253A%2522eyJub25jZSI6Il9POGotUGJERk9WTTM0SHY3YXgtSmZfMk95TXVVa3JpIiwicGxhdGZvcm0iOiJsaW5rZWRpbl9wZXJzb25hbCIsInByb2ZpbGVJZCI6bnVsbCwibWV0aG9kSWQiOiJsaW5rZWRpbl9wZXJzb25hbF9vYXV0aCIsIm5leHQiOiIvZGFzaGJvYXJkL3dvcmtzcGFjZS1zZXR0aW5ncy9zb2NpYWwtYWNjb3VudHMifQ%2522%252C%2522creationTime%2522%253A1776572977075%252C%2522scope%2522%253A%2522openid%2Bprofile%2Bemail%2Bw_member_social%2522%252C%2522appId%2522%253A233100645%252C%2522authorizationType%2522%253A%2522OAUTH2_AUTHORIZATION_CODE%2522%252C%2522redirectUri%2522%253A%2522http%253A%252F%252Flocalhost%253A3000%252Fapi%252Fauth%252Fcallback%2522%252C%2522currentStage%2522%253A%2522LOGIN_SUCCESS%2522%252C%2522currentSubStage%2522%253A0%252C%2522authFlowName%2522%253A%2522generic-permission-list%2522%257D&fromSignIn=1&trk=oauth&cancel_redirect=%2Foauth%2Fv2%2Flogin-cancel%3Fapp_id%3D233100645%26auth_type%3DAC%26flow%3D%257B%2522state%2522%253A%2522eyJub25jZSI6Il9POGotUGJERk9WTTM0SHY3YXgtSmZfMk95TXVVa3JpIiwicGxhdGZvcm0iOiJsaW5rZWRpbl9wZXJzb25hbCIsInByb2ZpbGVJZCI6bnVsbCwibWV0aG9kSWQiOiJsaW5rZWRpbl9wZXJzb25hbF9vYXV0aCIsIm5leHQiOiIvZGFzaGJvYXJkL3dvcmtzcGFjZS1zZXR0aW5ncy9zb2NpYWwtYWNjb3VudHMifQ%2522%252C%2522creationTime%2522%253A1776572977075%252C%2522scope%2522%253A%2522openid%2Bprofile%2Bemail%2Bw_member_social%2522%252C%2522appId%2522%253A233100645%252C%2522authorizationType%2522%253A%2522OAUTH2_AUTHORIZATION_CODE%2522%252C%2522redirectUri%2522%253A%2522http%253A%252F%252Flocalhost%253A3000%252Fapi%252Fauth%252Fcallback%2522%252C%2522currentStage%2522%253A%2522LOGIN_SUCCESS%2522%252C%2522currentSubStage%2522%253A0%252C%2522authFlowName%2522%253A%2522generic-permission-list%2522%257D:66
[   75504ms] [LOG] %c EvalError
    at oa (https://client.protechts.net/PXdOjV695v/main.min.js:2:69532)
    at qd (https://client.protechts.net/PXdOjV695v/main.min.js:2:74581)
    at Je (https://client.protechts.net/PXdOjV695v/main.min.js:2:227597)
    at Jc (https://client.protechts.net/PXdOjV695v/main.min.js:2:227218)
    at https://client.protechts.net/PXdOjV695v/main.min.js:2:228948
    at https://client.protechts.net/PXdOjV695v/main.min.js:2:228954
    at https://client.protechts.net/PXdOjV695v/main.min.js:2:229419 @ https://client.protechts.net/PXdOjV695v/main.min.js:1
[   85467ms] [WARNING] <link rel=preload> must have a valid `as` value @ https://www.linkedin.com/checkpoint/lg/login-submit:60
[   85467ms] [WARNING] <link rel=preload> must have a valid `as` value @ https://www.linkedin.com/checkpoint/lg/login-submit:61
[   85467ms] [WARNING] <link rel=preload> must have a valid `as` value @ https://www.linkedin.com/checkpoint/lg/login-submit:62
[   85467ms] [WARNING] <link rel=preload> must have a valid `as` value @ https://www.linkedin.com/checkpoint/lg/login-submit:63
[   85467ms] [WARNING] <link rel=preload> must have a valid `as` value @ https://www.linkedin.com/checkpoint/lg/login-submit:66
[   85467ms] [WARNING] <link rel=preload> must have a valid `as` value @ https://www.linkedin.com/checkpoint/lg/login-submit:67
[   85969ms] [LOG] %c EvalError
    at oa (https://client.protechts.net/PXdOjV695v/main.min.js:2:69532)
    at qd (https://client.protechts.net/PXdOjV695v/main.min.js:2:74581)
    at Je (https://client.protechts.net/PXdOjV695v/main.min.js:2:227597)
    at Jc (https://client.protechts.net/PXdOjV695v/main.min.js:2:227218)
    at https://client.protechts.net/PXdOjV695v/main.min.js:2:228948
    at https://client.protechts.net/PXdOjV695v/main.min.js:2:228954
    at https://client.protechts.net/PXdOjV695v/main.min.js:2:229419 @ https://client.protechts.net/PXdOjV695v/main.min.js:1
[   95281ms] [WARNING] <link rel=preload> must have a valid `as` value @ https://www.linkedin.com/checkpoint/lg/login-submit:60
[   95281ms] [WARNING] <link rel=preload> must have a valid `as` value @ https://www.linkedin.com/checkpoint/lg/login-submit:61
[   95281ms] [WARNING] <link rel=preload> must have a valid `as` value @ https://www.linkedin.com/checkpoint/lg/login-submit:62
[   95281ms] [WARNING] <link rel=preload> must have a valid `as` value @ https://www.linkedin.com/checkpoint/lg/login-submit:63
[   95281ms] [WARNING] <link rel=preload> must have a valid `as` value @ https://www.linkedin.com/checkpoint/lg/login-submit:66
[   95281ms] [WARNING] <link rel=preload> must have a valid `as` value @ https://www.linkedin.com/checkpoint/lg/login-submit:67
[   95810ms] [LOG] %c EvalError
    at oa (https://client.protechts.net/PXdOjV695v/main.min.js:2:69532)
    at qd (https://client.protechts.net/PXdOjV695v/main.min.js:2:74581)
    at Je (https://client.protechts.net/PXdOjV695v/main.min.js:2:227597)
    at Jc (https://client.protechts.net/PXdOjV695v/main.min.js:2:227218)
    at https://client.protechts.net/PXdOjV695v/main.min.js:2:228948
    at https://client.protechts.net/PXdOjV695v/main.min.js:2:228954
    at https://client.protechts.net/PXdOjV695v/main.min.js:2:229419 @ https://client.protechts.net/PXdOjV695v/main.min.js:1
[  107136ms] [WARNING] <link rel=preload> must have a valid `as` value @ https://www.linkedin.com/checkpoint/lg/login-submit:60
[  107136ms] [WARNING] <link rel=preload> must have a valid `as` value @ https://www.linkedin.com/checkpoint/lg/login-submit:61
[  107136ms] [WARNING] <link rel=preload> must have a valid `as` value @ https://www.linkedin.com/checkpoint/lg/login-submit:62
[  107136ms] [WARNING] <link rel=preload> must have a valid `as` value @ https://www.linkedin.com/checkpoint/lg/login-submit:63
[  107136ms] [WARNING] <link rel=preload> must have a valid `as` value @ https://www.linkedin.com/checkpoint/lg/login-submit:66
[  107136ms] [WARNING] <link rel=preload> must have a valid `as` value @ https://www.linkedin.com/checkpoint/lg/login-submit:67
[  107639ms] [LOG] %c EvalError
    at oa (https://client.protechts.net/PXdOjV695v/main.min.js:2:69532)
    at qd (https://client.protechts.net/PXdOjV695v/main.min.js:2:74581)
    at Je (https://client.protechts.net/PXdOjV695v/main.min.js:2:227597)
    at Jc (https://client.protechts.net/PXdOjV695v/main.min.js:2:227218)
    at https://client.protechts.net/PXdOjV695v/main.min.js:2:228948
    at https://client.protechts.net/PXdOjV695v/main.min.js:2:228954
    at https://client.protechts.net/PXdOjV695v/main.min.js:2:229419 @ https://client.protechts.net/PXdOjV695v/main.min.js:1
